
=== TA-25: TASK-0123/TASK-1023 approval-token-guard ===
  [PASS] T1023-TC-01 env=maintenance.json blocked (exit 2)
  [PASS] T1023-TC-02b top-level legacy file_path token blocked as protected-write (exit 2)
  [PASS] T1023-TC-03 env-normal + stdin Bash token write blocked (exit 2)
  [PASS] T1023-TC-05 no-jq PATH fails closed (parse-unknown, exit 2)
  [PASS] T1023-TC-13c-file stdin file_path evaluated independently of env target (exit 2)
  [PASS] T1023-TC-22a MultiEdit normal file passes (exit 0)
  [PASS] T1023-TC-23 TTY stdin fails closed without hanging (exit 2 / exit 2)
  [PASS] T1045-TC-01 read-only with 2>/dev/null passes (exit 0)
  [PASS] T1045-TC-02 read-only with 2>&1 passes (exit 0)
  [PASS] T1045-TC-03 read-only with >&2 fd duplication passes (exit 0)
  [PASS] T1045-TC-20 read-only with 3>&- fd close passes (exit 0)
  [PASS] T1045-TC-04 file redirect > token blocked (exit 2)
  [PASS] T1045-TC-05 append redirect >> token blocked (exit 2)
  [PASS] T1045-TC-06 numbered fd redirect 1> token blocked (exit 2)
  [PASS] T1110-TC-01 token literal + unrelated redirect passes (exit 0)
  [PASS] T1110-TC-02 writing the token path as content to another file passes (exit 0)
  [PASS] T1110-TC-03 redirect targets resolving to a token path remain blocked (exit 2)
  [PASS] T1110-TC-04 unresolvable redirect targets fail closed (exit 2)
  [PASS] T1110-TC-05 block detail carries the matched redirect_target
  [PASS] T1110-TC-06 quoted/escaped token paths containing terminator chars stay blocked (exit 2)
  [PASS] T1110-TC-07 bare mid-word '#' in a token path target stays blocked (exit 2)
  [PASS] T1110-TC-08 all lanes block the same spaced token path (exit 2)
  [PASS] T1110-TC-09 heredoc body mentioning a token path writes elsewhere (exit 0)
  [PASS] T1110-TC-10 non-redirect block carries no stale redirect_target (exit 2)
  [PASS] T1115-TC-01 glob-broken token filenames in redirect targets are blocked (exit 2)
  [PASS] T1115-TC-02 argument lanes (cp/tee/sed -i) block glob-broken token filenames (exit 2)
  [PASS] T1115-TC-03 everyday glob commands stay unblocked (exit 0)
  [PASS] T1115-TC-04 glob-bearing message + unrelated redirect passes (exit 0)
  [PASS] T1115-TC-05 glob reads under approvals stay unblocked (exit 0)
  [PASS] T1115-TC-06 block detail carries the matched glob_candidate
  [PASS] T1115-TC-07 directory-side globs remain blocked (exit 2)
  [PASS] TC-01 check-approval-token-write.sh exists and is executable
  [PASS] TC-02 check-approval-token-write.sh syntax ok
  [PASS] TC-03 maintenance.json path blocked (exit 2)
  [PASS] TC-04 approvals/c3.json path blocked (exit 2)
  [PASS] TC-05 normal file passes (exit 0)
  [SKIP] TC-06 hmac_signature not yet in schema (HO patch unapplied — SKIP)
  [PASS] TC-07 apply-task-0123-patches.sh exists and syntax ok
  [PASS] T1023-TC-02a tool_input.file_path token blocked (exit 2)
  [PASS] T1023-TC-04 multiline tee maintenance.json blocked (exit 2)
  [PASS] T1023-TC-06a malformed/truncated/empty stdin fail closed (exit 2)
  [PASS] T1023-TC-06b unreadable stdin (directory) fails closed (exit 2)
  [PASS] T1023-TC-07 escaped-slash token path decoded and blocked (exit 2)
  [PASS] T1023-TC-07b structurally invalid payloads fail closed (exit 2)
  [PASS] T1023-TC-08 read-only cat of token path passes (exit 0)
  [PASS] T1023-TC-09 mixed token-read + unrelated-file-write passes (exit 0, #1110)
  [PASS] T1023-TC-10 normal writes pass (exit 0)
  [PASS] T1023-TC-11 non-TTY approve/maintenance rejected by CLI, no artifact, real audit unchanged
  [PASS] T1023-TC-12 representative write surfaces blocked per-surface (exit 2)
  [PASS] T1023-TC-25 ed/ex token writes blocked (exit 2)
  [PASS] T1023-TC-26 git checkout/restore/checkout-index/update-index token writes blocked (exit 2)
  [PASS] T1023-TC-27 non-token ed/git commands pass; token-path read-only git log passes (exit 0)
  [PASS] T1023-TC-13a empty env + $1 token blocked via fallback (exit 2)
  [PASS] T1023-TC-13b env target takes precedence over $1 (exit 0)
  [PASS] T1023-TC-13c-cmd stdin Bash command evaluated independently (exit 2)
  [PASS] T1023-TC-14a inherited bypass allows with diagnostic, no secret echo (exit 0)
  [PASS] T1023-TC-14b in-command bypass string does not bypass (exit 2)
  [PASS] T1023-TC-14c command-scoped SKIP=0 overrides inherited bypass (exit 2)
  [PASS] T1023-TC-22b MultiEdit token file_path blocked (exit 2)
  [PASS] T1023-TC-22c token-path string in body does not block normal-file edits (exit 0)
  [PASS] T1023-TC-24 no guard invocation without stdin redirect
  [PASS] T1023-TC-20 legacy TCs retained + standalone failure propagates non-zero rc
  [PASS] T1045-TC-11 pseudo-device redirects remain blocked (exit 2)
  [PASS] T1045-TC-12 /dev/nullX lookalike remains blocked (exit 2)
  [PASS] T1045-TC-13 /dev/null path-traversal trick remains blocked (exit 2)
  [PASS] T1045-TC-14 &> / &>> remain blocked incl. /dev/null target (exit 2)
  [PASS] T1045-TC-15 >& <file> remains blocked (exit 2)
  [PASS] T1045-TC-19 '>' inside a string literal no longer over-blocks (exit 0, #1110)
  [PASS] T1045-TC-07 multi-defense: /dev/null discard does not enable copy-like evasion (exit 2)
  [PASS] T1045-TC-17 read-only audit commands with 2>/dev/null pass (exit 0)
  [PASS] T1045-TC-08 block detail carries rule=<id> (file-redirect / copy-like)
  [PASS] T1045-TC-18 guard is executable and syntax-clean
  [PASS] T1045-TC-16 existing suite labels retained and full non-mutation run is 0 failed
  [PASS] T1045-TC-22 no-sed PATH fails closed with 'sed not available' (exit 2)
  [PASS] T1045-TC-22b failing-sed shim falls back to raw string and blocks (exit 2, no parse-unknown)
  [PASS] T1023-TC-15pre mutation baseline (original guard) all focused TCs PASS
  [PASS] T1023-TC-15 mutant killed by real TC (T1023-TC-01 FAILs)
  [PASS] T1023-TC-16 mutant killed by real TC (T1023-TC-03 FAILs)
  [PASS] T1023-TC-17 mutant killed by real TC (T1023-TC-05 FAILs)
  [PASS] T1023-TC-17b mutant killed by real TC (T1023-TC-23 FAILs)
  [PASS] T1023-TC-17c mutant killed by real TC (T1023-TC-13c-file FAILs)
  [PASS] T1023-TC-17d mutant killed by real TC (T1023-TC-22a FAILs)
  [PASS] T1023-TC-17e mutant killed by real TC (T1023-TC-02b FAILs)
  [PASS] T1045-TC-09 mutant killed by real TC (T1045-TC-01 FAILs)
  [PASS] T1045-TC-10 mutant killed by real TC (T1045-TC-04 FAILs)
  [PASS] T1110-M-1 mutant killed by real TC (T1110-TC-01 FAILs)
  [PASS] T1110-M-2 mutant killed by real TC (T1045-TC-04 FAILs)
  [PASS] T1110-M-3 mutant killed by real TC (T1110-TC-06 FAILs)
  [PASS] T1110-M-4 mutant killed by real TC (T1110-TC-07 FAILs)
  [PASS] T1110-M-5 mutant killed by real TC (T1110-TC-10 FAILs)
  [PASS] T1110-M-6 mutant killed by real TC (T1110-TC-09 FAILs)
  [PASS] T1115-M-7 mutant killed by real TC (T1115-TC-01 FAILs)
  [PASS] T1115-M-8 mutant killed by real TC (T1115-TC-01 FAILs)
  [PASS] T1115-M-9 mutant killed by real TC (T1115-TC-02 FAILs)
  [PASS] T1115-M-10 mutant killed by real TC (T1115-TC-03 FAILs)
  [PASS] T1115-M-11 mutant killed by real TC (T1115-TC-02 FAILs)
  [PASS] T1045-TC-21 legacy _t25_mutate calls unchanged (7 x 4-arg) with T1023 prefix fallback
  [PASS] T1023-TC-17post restore (original guard) all focused TCs PASS

TA-25 standalone: 98 passed, 0 failed
rc=0
