
=== TA-61: extras execution contract (#921 Slice 1) ===
  [PASS] TA-61 discovery: runtime inventory non-empty (58 files)
  [PASS] TC-28: contract discovery glob (ta-*.sh) equals the runner's source glob
  [FAIL] TC-25: already-migrated file still listed in _pending_migration: ta-39-eh3-doc-light.sh
  [FAIL] TC-25: already-migrated file still listed in _pending_migration: ta-40-task-0129-review-gate.sh
  [FAIL] TC-25: already-migrated file still listed in _pending_migration: ta-43-eh2-strict-json.sh
  [FAIL] TC-25: already-migrated file still listed in _pending_migration: ta-44-eh457-cli-wiring.sh
  [FAIL] TC-25: already-migrated file still listed in _pending_migration: ta-45-c3-mode-config.sh
  [FAIL] TC-25: already-migrated file still listed in _pending_migration: ta-46-ehs-wiring.sh
  [FAIL] TC-25: already-migrated file still listed in _pending_migration: ta-47-ehs23-wiring.sh
  [FAIL] TC-25: already-migrated file still listed in _pending_migration: ta-49-bias-export.sh
  [FAIL] TC-25: already-migrated file still listed in _pending_migration: ta-50-precompact-guard.sh
  [FAIL] TC-25: already-migrated file still listed in _pending_migration: ta-51-doctor-w6.sh
  [FAIL] TC-25: already-migrated file still listed in _pending_migration: ta-52-doctor-skill-collision.sh
  [FAIL] TC-25: already-migrated file still listed in _pending_migration: ta-53-doctor-prepush.sh
  [FAIL] TC-25: already-migrated file still listed in _pending_migration: ta-61-extra-contract.sh
  [FAIL] TC-25(1): covered set minus self is EMPTY — allowlist has swallowed every file (over-broad _pending_migration in /var/folders/_h/ffwb9tkx52vgq63h7vgtdgq80000gp/T/tmp.CZVwsnqltZ/repo/tests/extras)
  [FAIL] TC-25(2): _pending_migration is not a proper subset of the discovered set (pending=58 discovered=58 sub_ok=1)
  [PASS] TC-20: every discovered ta-*.sh has a unique basename test-id
  [PASS] TC-27: sh -n clean for helper, runner and every ta-*.sh
  [PASS] TC-09/TC-10: covered files carry exactly one marker and a matching basename init
  [INFO] TC-11: harness-only in-scope count is 0 — vacuous PASS (recorded, not hidden; full coverage arrives in Slice 2)
  [PASS] TC-15: guarded env set derived at runtime from the runner's unset list
  [FAIL] TC-25(3): per-file execution loop executed ZERO files — contract checks are vacuous (covered set collapsed in /var/folders/_h/ffwb9tkx52vgq63h7vgtdgq80000gp/T/tmp.CZVwsnqltZ/repo/tests/extras)
  [PASS] TC-19: README documents rc 0/1/2/3, marker convention, probe and the rc=2 namespace note
  [PASS] TC-01: harness-mode init/finalize is non-invasive and ignores probe env
  [PASS] TC-01b: PG_HARNESS_SOURCED!=1 (FIXTURES/EXTRAS set) resolves to standalone
  [PASS] TC-01c: empty EXTRAS_DIR (PG_HARNESS_SOURCED=1 + FIXTURES_DIR set) resolves to standalone (HR-4)
  [PASS] TC-02: harness-only direct misuse -> rc=2 with message, before any body side effect
  [PASS] TC-03: standalone all-pass -> rc=0 with summary literal
  [PASS] TC-04: standalone internal fail -> rc=1
  [PASS] TC-05: alternate body path still reaches tail finalize -> rc=1
  [PASS] TC-06: specific nonzero original rc (3) preserved with fail=0 and fail>0
  [PASS] TC-07: standalone finalize drains registered paths only; unregistered sentinel survives
  [PASS] TC-08: invalid capability fails closed before body (rc=2)
  [PASS] TC-12(fail-closed): probe with unset TARGET is a diagnostic nonzero, not a no-op (rc=4)
  [PASS] TC-17(synthetic): pg_extra_contract_skip with fail=0 -> rc=3 with diagnostic
  [PASS] TC-17(precedence): fail>0 before skip -> rc=1 takes precedence over rc=3
  [PASS] TC-17(probe): force-fail probe does not fire on a prerequisite-absent run (rc=3)
  [PASS] TC-21: harness register_cleanup untouched; helper sources cleanly under set -eu
  [PASS] TC-23(synthetic): probe env does not leak into children, yet the probe still fires at finalize
  [PASS] TC-26: a failing sourced file does not truncate the set -eu harness (marker + Results both present)
  [INFO] TC-29 shells: dash=/bin/dash bash=/bin/bash
  [PASS] TC-17/TC-29: ta-39-eh3-doc-light prerequisite-absent -> rc=3 with skip diagnostic under BOTH dash and bash
  [PASS] TC-17/TC-29: ta-43-eh2-strict-json prerequisite-absent -> rc=3 with skip diagnostic under BOTH dash and bash
  [PASS] TC-17/TC-29: ta-44-eh457-cli-wiring prerequisite-absent -> rc=3 with skip diagnostic under BOTH dash and bash
  [PASS] TC-17/TC-29: ta-45-c3-mode-config prerequisite-absent -> rc=3 with skip diagnostic under BOTH dash and bash
  [PASS] TC-17/TC-29: ta-46-ehs-wiring prerequisite-absent -> rc=3 with skip diagnostic under BOTH dash and bash
  [PASS] TC-17/TC-29: ta-47-ehs23-wiring prerequisite-absent -> rc=3 with skip diagnostic under BOTH dash and bash
  [PASS] TC-29: ta-49-bias-export section skip -> identical rc=0 (0/1, never 3) + SKIP diagnostic under both shells
  [FAIL] TC-16: sandbox contract TA missed a pattern (rc=1 A=0 B=0 C=0)
TA-61 standalone: 31 passed, 17 failed
# ---- driver verdict (M-14c) ----
rc=1
