
=== TA-61: extras execution contract (#921 Slice 1) ===
  [PASS] TA-61 discovery: runtime inventory non-empty (58 files)
  [PASS] TC-28: contract discovery glob (ta-*.sh) equals the runner's source glob
  [FAIL] TC-25: already-migrated file still listed in _pending_migration: ta-39-eh3-doc-light.sh
  [FAIL] TC-25: _pending_migration entry does not exist: ta-77-does-not-exist.sh
  [PASS] TC-25(1): covered set minus self is non-empty (11 files)
  [FAIL] TC-25(2): _pending_migration is not a proper subset of the discovered set (pending=47 discovered=58 sub_ok=0)
  [PASS] TC-20: every discovered ta-*.sh has a unique basename test-id
  [PASS] TC-27: sh -n clean for helper, runner and every ta-*.sh
  [PASS] TC-09/TC-10: covered files carry exactly one marker and a matching basename init
  [INFO] TC-11: harness-only in-scope count is 0 — vacuous PASS (recorded, not hidden; full coverage arrives in Slice 2)
  [PASS] TC-15: guarded env set derived at runtime from the runner's unset list
  [PASS] TC-12(a)/TC-13: ta-40-task-0129-review-gate clean standalone run rc=0 with no [FAIL]
  [PASS] TC-12(b): ta-40-task-0129-review-gate force-fail probe propagates to rc=1 with probe marker
  [PASS] TC-15: ta-40-task-0129-review-gate contaminated-env standalone run matches clean baseline (rc=0)
  [PASS] TC-12(a)/TC-13: ta-43-eh2-strict-json clean standalone run rc=0 with no [FAIL]
  [PASS] TC-12(b): ta-43-eh2-strict-json force-fail probe propagates to rc=1 with probe marker
  [PASS] TC-15: ta-43-eh2-strict-json contaminated-env standalone run matches clean baseline (rc=0)
  [PASS] TC-12(a)/TC-13: ta-44-eh457-cli-wiring clean standalone run rc=0 with no [FAIL]
  [PASS] TC-12(b): ta-44-eh457-cli-wiring force-fail probe propagates to rc=1 with probe marker
  [PASS] TC-15: ta-44-eh457-cli-wiring contaminated-env standalone run matches clean baseline (rc=0)
  [PASS] TC-12(a)/TC-13: ta-45-c3-mode-config clean standalone run rc=0 with no [FAIL]
  [PASS] TC-12(b): ta-45-c3-mode-config force-fail probe propagates to rc=1 with probe marker
  [PASS] TC-15: ta-45-c3-mode-config contaminated-env standalone run matches clean baseline (rc=0)
  [PASS] TC-12(a)/TC-13: ta-46-ehs-wiring clean standalone run rc=0 with no [FAIL]
  [PASS] TC-12(b): ta-46-ehs-wiring force-fail probe propagates to rc=1 with probe marker
  [PASS] TC-15: ta-46-ehs-wiring contaminated-env standalone run matches clean baseline (rc=0)
  [PASS] TC-12(a)/TC-13: ta-47-ehs23-wiring clean standalone run rc=0 with no [FAIL]
  [PASS] TC-12(b): ta-47-ehs23-wiring force-fail probe propagates to rc=1 with probe marker
  [PASS] TC-15: ta-47-ehs23-wiring contaminated-env standalone run matches clean baseline (rc=0)
  [PASS] TC-12(a)/TC-13: ta-49-bias-export clean standalone run rc=0 with no [FAIL]
  [PASS] TC-12(b): ta-49-bias-export force-fail probe propagates to rc=1 with probe marker
  [PASS] TC-15: ta-49-bias-export contaminated-env standalone run matches clean baseline (rc=0)
  [PASS] TC-12(a)/TC-13: ta-50-precompact-guard clean standalone run rc=0 with no [FAIL]
  [PASS] TC-12(b): ta-50-precompact-guard force-fail probe propagates to rc=1 with probe marker
  [PASS] TC-15: ta-50-precompact-guard contaminated-env standalone run matches clean baseline (rc=0)
  [PASS] TC-12(a)/TC-13: ta-51-doctor-w6 clean standalone run rc=0 with no [FAIL]
  [PASS] TC-12(b): ta-51-doctor-w6 force-fail probe propagates to rc=1 with probe marker
  [PASS] TC-15: ta-51-doctor-w6 contaminated-env standalone run matches clean baseline (rc=0)
  [PASS] TC-12(a)/TC-13: ta-52-doctor-skill-collision clean standalone run rc=0 with no [FAIL]
  [PASS] TC-12(b): ta-52-doctor-skill-collision force-fail probe propagates to rc=1 with probe marker
  [PASS] TC-15: ta-52-doctor-skill-collision contaminated-env standalone run matches clean baseline (rc=0)
  [PASS] TC-12(a)/TC-13: ta-53-doctor-prepush clean standalone run rc=0 with no [FAIL]
  [PASS] TC-12(b): ta-53-doctor-prepush force-fail probe propagates to rc=1 with probe marker
